// Jest Snapshot v1, https://goo.gl/fbAQLP

exports[`Renders Copyright correctly 1`] = `
<p
  className="MuiTypography-root MuiTypography-body2 MuiTypography-alignCenter copyright_container css-1vl95ex-MuiTypography-root"
>
  Copyright Â© 
  MY Shopaholic
   
  2023
  .
</p>
`;
